stuff(1:1-5)
indent(2:3-3)
stuff(2:3-7)
outdent(3:1-1)
stuff(3:1-5)
