indent(1:3-3)
stuff(1:3-7)
indent(2:7-7)
stuff(2:7-11)
indent(3:8-8)
stuff(3:8-12)
outdent(4:0-0)
outdent(4:0-0)
outdent(4:0-0)
